// Jest Snapshot v1, https://goo.gl/fbAQLP

exports[`One + 1 1`] = `
<div>
  <button
    class="sc-AxjAm lhBPoE"
  >
    Play
  </button>
</div>
`;

exports[`PlayButton 1`] = `
<div>
  <button
    class="sc-AxjAm lhBPoE"
  >
    Play
  </button>
</div>
`;
